[update_all] start 2026-02-25T00:38:27Z
[00:38:27] STEP fetch_sources
raw_sources_updated=0 sources_ok=3 errors=0
[00:38:28] OK   fetch_sources
[00:38:28] STEP build_dataset
/Users/zachclawstein/.openclaw/projects/sts2guide/scripts/build_dataset.py:104: DeprecationWarning: datetime.datetime.utcfromtimestamp() is deprecated and scheduled for removal in a future version. Use timezone-aware objects to represent datetimes in UTC: datetime.datetime.fromtimestamp(timestamp, datetime.UTC).
  now = datetime.datetime.utcfromtimestamp(int(context)).replace(microsecond=0).isoformat() + "Z"
generated 140 100 20 40 40
[00:38:28] OK   build_dataset
[update_all] no data changes detected, skipping generate/sanity
<stdin>:10: DeprecationWarning: datetime.datetime.utcnow() is deprecated and scheduled for removal in a future version. Use timezone-aware objects to represent datetimes in UTC: datetime.datetime.now(datetime.UTC).
{
  "runAt": "2026-02-25T00:38:28Z",
  "dataChanged": false,
  "pagesGenerated": 0,
  "counts": {
    "cards": 140,
    "relics": 100,
    "characters": 20,
    "keywords": 40,
    "builds": 40
  },
  "errors": []
}
NO_MEANINGFUL_CHANGES
