[update_all] start 2026-02-25T00:48:09Z
[00:48:09] STEP fetch_sources
raw_sources_updated=0 sources_ok=3 errors=0
[00:48:11] OK   fetch_sources
[00:48:11] STEP build_dataset
generated 140 100 20 40 40
[00:48:11] OK   build_dataset
[update_all] no data changes detected, skipping generate/sanity
{
  "runAt": "2026-02-25T00:48:11Z",
  "dataChanged": false,
  "pagesGenerated": 0,
  "counts": {
    "cards": 140,
    "relics": 100,
    "characters": 20,
    "keywords": 40,
    "builds": 40
  },
  "errors": []
}
NO_MEANINGFUL_CHANGES
