[update_all] start 2026-02-25T00:38:00Z
[00:38:00] STEP fetch_sources
raw_sources_updated=0 sources_ok=3 errors=0
[00:38:00] OK   fetch_sources
[00:38:00] STEP build_dataset
/Users/zachclawstein/.openclaw/projects/sts2guide/scripts/build_dataset.py:10: DeprecationWarning: datetime.datetime.utcnow() is deprecated and scheduled for removal in a future version. Use timezone-aware objects to represent datetimes in UTC: datetime.datetime.now(datetime.UTC).
  now = datetime.datetime.utcnow().replace(microsecond=0).isoformat() + "Z"
generated 140 100 20 40 40
[00:38:00] OK   build_dataset
[00:38:00] STEP validate_data
VALIDATION_OK 340
[00:38:01] OK   validate_data
[00:38:01] STEP generate_pages
generated pages 340 urls 349
[00:38:01] OK   generate_pages
[00:38:01] STEP sanity_check
SANITY_OK
[00:38:01] OK   sanity_check
<stdin>:15: DeprecationWarning: datetime.datetime.utcnow() is deprecated and scheduled for removal in a future version. Use timezone-aware objects to represent datetimes in UTC: datetime.datetime.now(datetime.UTC).
{
  "runAt": "2026-02-25T00:38:01Z",
  "dataChanged": true,
  "pagesGenerated": 340,
  "counts": {
    "cards": 140,
    "relics": 100,
    "characters": 20,
    "keywords": 40,
    "builds": 40
  },
  "errors": []
}
[update_all] done
